******************************************************************************
                  MSP430 Linker PC v3.3.3                      
******************************************************************************
>> Linked Mon Jun 25 22:04:21 2012

OUTPUT FILE NAME:   <NEW_LCD.out>
ENTRY POINT SYMBOL: "_c_int00"  address: 00008d50


MEMORY CONFIGURATION

         name            origin    length      used     unused   attr    fill
----------------------  --------  ---------  --------  --------  ----  --------
  SFR                   00000000   00000010  00000000  00000010  RWIX
  PERIPHERALS_8BIT      00000010   000000f0  00000000  000000f0  RWIX
  PERIPHERALS_16BIT     00000100   00000100  00000000  00000100  RWIX
  RAM                   00000200   00000400  00000093  0000036d  RWIX
  INFOD                 00001000   00000040  00000000  00000040  RWIX
  INFOC                 00001040   00000040  00000000  00000040  RWIX
  INFOB                 00001080   00000040  00000000  00000040  RWIX
  INFOA                 000010c0   00000040  00000000  00000040  RWIX
  FLASH                 00008000   00007fde  00000f4e  00007090  RWIX
  INT00                 0000ffe0   00000002  00000000  00000002  RWIX
  INT01                 0000ffe2   00000002  00000000  00000002  RWIX
  INT02                 0000ffe4   00000002  00000000  00000002  RWIX
  INT03                 0000ffe6   00000002  00000002  00000000  RWIX
  INT04                 0000ffe8   00000002  00000000  00000002  RWIX
  INT05                 0000ffea   00000002  00000000  00000002  RWIX
  INT06                 0000ffec   00000002  00000000  00000002  RWIX
  INT07                 0000ffee   00000002  00000000  00000002  RWIX
  INT08                 0000fff0   00000002  00000000  00000002  RWIX
  INT09                 0000fff2   00000002  00000002  00000000  RWIX
  INT10                 0000fff4   00000002  00000000  00000002  RWIX
  INT11                 0000fff6   00000002  00000000  00000002  RWIX
  INT12                 0000fff8   00000002  00000000  00000002  RWIX
  INT13                 0000fffa   00000002  00000000  00000002  RWIX
  INT14                 0000fffc   00000002  00000000  00000002  RWIX
  RESET                 0000fffe   00000002  00000002  00000000  RWIX


SECTION ALLOCATION MAP

 output                                  attributes/
section   page    origin      length       input sections
--------  ----  ----------  ----------   ----------------
.pinit     0    00008000    00000000     UNINITIALIZED

.bss       0    00000200    00000043     UNINITIALIZED
                  00000200    0000001e     main.obj (.bss)
                  0000021e    0000001c     can.obj (.bss)
                  0000023a    00000004     rts430.lib : _lock.obj (.bss)
                  0000023e    00000004                : boot.obj (.bss)
                  00000242    00000001     globals.obj (.bss)

.stack     0    000005b0    00000050     UNINITIALIZED
                  000005b0    00000002     rts430.lib : boot.obj (.stack)
                  000005b2    0000004e     --HOLE--

.text      0    00008000    00000ef8     
                  00008000    0000018e     can.obj (.text:can_receive)
                  0000818e    00000116     rts430.lib : _printfi_min.obj (.text:_setfield)
                  000082a4    00000106     lcd.obj (.text:LCD_RunCommand)
                  000083aa    00000104     can.obj (.text:can_init)
                  000084ae    000000ca     rts430.lib : _printfi_min.obj (.text:_printfi_minimal)
                  00008578    000000b2     main.obj (.text:main)
                  0000862a    0000009e     lcd.obj (.text:LCD_LoadChar)
                  000086c8    00000084     lcd.obj (.text:LCD_FunctionSetInit)
                  0000874c    0000007e     lcd.obj (.text:LCD_Cmd_WriteLine)
                  000087ca    00000072     lcd.obj (.text:LCD_ReadChar)
                  0000883c    0000006a     lcd.obj (.text:LCD_Cmd_WaitTillReady)
                  000088a6    0000006a     rts430.lib : _printfi_min.obj (.text:_ltostr)
                  00008910    0000005c                : lsr32.obj (.text:l_lsr_const)
                  0000896c    00000058                : _printfi_min.obj (.text:_pproc_diouxp)
                  000089c4    00000058                : div32u.obj (.text)
                  00008a1c    00000056     main.obj (.text:can_interrupt)
                  00008a72    00000046     rts430.lib : autoinit.obj (.text:_auto_init)
                  00008ab8    00000046                : _printfi_min.obj (.text:_pproc_str)
                  00008afe    00000044                : _printfi_min.obj (.text:_getarg_diouxp)
                  00008b42    00000044     lcd.obj (.text:initLCD)
                  00008b86    00000040     can.obj (.text:can_write)
                  00008bc6    0000003c     can.obj (.text:can_read)
                  00008c02    00000038     rts430.lib : sprintf.obj (.text:sprintf)
                  00008c3a    00000034                : _printfi_min.obj (.text:_div)
                  00008c6e    00000034     init.obj (.text:initIO)
                  00008ca2    00000032     can.obj (.text:can_mod)
                  00008cd4    0000002c     rts430.lib : asr16.obj (.text)
                  00008d00    00000028                : memccpy.obj (.text:memccpy)
                  00008d28    00000028     spi.obj (.text:spi_init)
                  00008d50    00000026     rts430.lib : boot.obj (.text:_c_int00_noexit)
                  00008d76    00000020     lcd.obj (.text:LCD_Wait6us)
                  00008d96    0000001a     rts430.lib : sprintf.obj (.text:_outs)
                  00008db0    00000016                : div16u.obj (.text)
                  00008dc6    00000014     init.obj (.text:initTimers)
                  00008dda    00000014     rts430.lib : memset.obj (.text:memset)
                  00008dee    00000014                : mult16.obj (.text)
                  00008e02    00000012                : sprintf.obj (.text:_outc)
                  00008e14    00000012     can.obj (.text:can_reset)
                  00008e26    00000012     init.obj (.text:initClocks)
                  00008e38    00000012     rts430.lib : memcpy.obj (.text:memcpy)
                  00008e4a    00000012                : strlen.obj (.text:strlen)
                  00008e5c    00000010     lcd.obj (.text:LCD_Cmd_FunctionSet)
                  00008e6c    00000010     lcd.obj (.text:LCD_Cmd_SetDdramAddr)
                  00008e7c    00000010     rts430.lib : epilog.obj (.text)
                  00008e8c    00000010     spi.obj (.text:spi_exchange)
                  00008e9c    0000000e     lcd.obj (.text:LCD_Cmd_ConfigEntryMode)
                  00008eaa    0000000e     lcd.obj (.text:LCD_Cmd_DisplayConfig)
                  00008eb8    0000000c     lcd.obj (.text:LCD_Cmd_ClearAndHome)
                  00008ec4    0000000c     lcd.obj (.text:LCD_Cmd_Home)
                  00008ed0    0000000c     lcd.obj (.text:LCD_Cmd_WriteData)
                  00008edc    0000000c     spi.obj (.text:spi_transmit)
                  00008ee8    00000006     main.obj (.text:TimerA0_ISR)
                  00008eee    00000004     rts430.lib : pre_init.obj (.text:_system_pre_init)
                  00008ef2    00000004                : exit.obj (.text:abort)
                  00008ef6    00000002                : _lock.obj (.text:_nop)

.const     0    00008ef8    00000042     
                  00008ef8    0000002e     main.obj (.const:.string)
                  00008f26    00000014     rts430.lib : _printfi_min.obj (.const:.string)

.cinit     0    00008f3a    00000014     
                  00008f3a    0000000c     main.obj (.cinit)
                  00008f46    00000005     globals.obj (.cinit)
                  00008f4b    00000001     --HOLE-- [fill = 0]
                  00008f4c    00000002     (.pad.cinit) [fill = 0]

.int03     0    0000ffe6    00000002     
                  0000ffe6    00000002     main.obj (.int03)

.int09     0    0000fff2    00000002     
                  0000fff2    00000002     main.obj (.int09)

.reset     0    0000fffe    00000002     
                  0000fffe    00000002     rts430.lib : boot.obj (.reset)


GLOBAL SYMBOLS: SORTED ALPHABETICALLY BY Name 

address    name
--------   ----
00000200   .bss
00008000   .text
0000004a   ADC10AE0
0000004b   ADC10AE1
000001b0   ADC10CTL0
000001b2   ADC10CTL1
00000048   ADC10DTC0
00000049   ADC10DTC1
000001b4   ADC10MEM
000001bc   ADC10SA
00000057   BCSCTL1
00000058   BCSCTL2
00000053   BCSCTL3
00008ef2   C$$EXIT
000010fb   CALBC1_12MHZ
000010f9   CALBC1_16MHZ
000010ff   CALBC1_1MHZ
000010fd   CALBC1_8MHZ
000010fa   CALDCO_12MHZ
000010f8   CALDCO_16MHZ
000010fe   CALDCO_1MHZ
000010fc   CALDCO_8MHZ
0000021c   CAN_Activity
00000216   CAN_error
00000056   DCOCTL
00000128   FCTL1
0000012a   FCTL2
0000012c   FCTL3
00000000   IE1
00000001   IE2
00000002   IFG1
00000003   IFG2
00008cd4   I_ASR
00008cfc   I_ASR_1
00008cea   I_ASR_10
00008ce8   I_ASR_11
00008ce6   I_ASR_12
00008ce4   I_ASR_13
00008ce2   I_ASR_14
00008ce0   I_ASR_15
00008cfa   I_ASR_2
00008cf8   I_ASR_3
00008cf6   I_ASR_4
00008cf4   I_ASR_5
00008cf2   I_ASR_6
00008cf0   I_ASR_7
00008cee   I_ASR_8
00008cec   I_ASR_9
00008eb8   LCD_Cmd_ClearAndHome
00008e9c   LCD_Cmd_ConfigEntryMode
00008eaa   LCD_Cmd_DisplayConfig
00008e5c   LCD_Cmd_FunctionSet
00008ec4   LCD_Cmd_Home
00008e6c   LCD_Cmd_SetDdramAddr
0000883c   LCD_Cmd_WaitTillReady
00008ed0   LCD_Cmd_WriteData
0000874c   LCD_Cmd_WriteLine
000086c8   LCD_FunctionSetInit
0000862a   LCD_LoadChar
000087ca   LCD_ReadChar
000082a4   LCD_RunCommand
00008d76   LCD_Wait6us
00008964   L_LSR_1
0000892e   L_LSR_10
00008928   L_LSR_11
00008922   L_LSR_12
0000891c   L_LSR_13
00008916   L_LSR_14
00008910   L_LSR_15
0000895e   L_LSR_2
00008958   L_LSR_3
00008952   L_LSR_4
0000894c   L_LSR_5
00008946   L_LSR_6
00008940   L_LSR_7
0000893a   L_LSR_8
00008934   L_LSR_9
00000022   P1DIR
00000025   P1IE
00000024   P1IES
00000023   P1IFG
00000020   P1IN
00000021   P1OUT
00000027   P1REN
00000026   P1SEL
0000002a   P2DIR
0000002d   P2IE
0000002c   P2IES
0000002b   P2IFG
00000028   P2IN
00000029   P2OUT
0000002f   P2REN
0000002e   P2SEL
0000001a   P3DIR
00000018   P3IN
00000019   P3OUT
00000010   P3REN
0000001b   P3SEL
0000001e   P4DIR
0000001c   P4IN
0000001d   P4OUT
00000011   P4REN
0000001f   P4SEL
00000172   TACCR0
00000174   TACCR1
00000176   TACCR2
00000162   TACCTL0
00000164   TACCTL1
00000166   TACCTL2
00000160   TACTL
0000012e   TAIV
00000170   TAR
00000192   TBCCR0
00000194   TBCCR1
00000196   TBCCR2
00000182   TBCCTL0
00000184   TBCCTL1
00000186   TBCCTL2
00000180   TBCTL
0000011e   TBIV
00000190   TBR
00000242   TimerA0_Flag
00008ee8   TimerA0_ISR
0000005d   UCA0ABCTL
00000062   UCA0BR0
00000063   UCA0BR1
00000060   UCA0CTL0
00000061   UCA0CTL1
0000005f   UCA0IRRCTL
0000005e   UCA0IRTCTL
00000064   UCA0MCTL
00000066   UCA0RXBUF
00000065   UCA0STAT
00000067   UCA0TXBUF
0000006a   UCB0BR0
0000006b   UCB0BR1
00000068   UCB0CTL0
00000069   UCB0CTL1
0000006c   UCB0I2CIE
00000118   UCB0I2COA
0000011a   UCB0I2CSA
0000006e   UCB0RXBUF
0000006d   UCB0STAT
0000006f   UCB0TXBUF
00000120   WDTCTL
00000600   __STACK_END
00000050   __STACK_SIZE
00000001   __TI_args_main
00000001   __TI_auto_init
00000001   __TI_exit
ffffffff   __binit__
00000200   __bss__
ffffffff   __c_args__
00008f3a   __cinit__
00008db0   __divu
000089c4   __divul
00000243   __end__
00008ef8   __etext__
00008dee   __mpyi
ffffffff   __pinit__
00008db0   __remu
000089c4   __remul
00008000   __text__
00008a72   _auto_init
00008d50   _c_int00
00008d50   _c_int00_noexit
0000023e   _cleanup_ptr
00000240   _dtors_ptr
0000023a   _lock
00008ef6   _nop
000084ae   _printfi_minimal
0000fffe   _reset_vector
000005b0   _stack
00008eee   _system_pre_init
0000023c   _unlock
00008ef2   abort
00000218   actual_velocity
ffffffff   binit
0000022a   buffer
0000021e   can
000083aa   can_init
00008a1c   can_interrupt
00008ca2   can_mod
00008bc6   can_read
00008000   can_receive
00008e14   can_reset
00008b86   can_write
00008f3a   cinit
00000243   end
00008ef8   etext
00008e88   func_epilog_1
00008e86   func_epilog_2
00008e84   func_epilog_3
00008e82   func_epilog_4
00008e80   func_epilog_5
00008e7e   func_epilog_6
00008e7c   func_epilog_7
00008e26   initClocks
00008c6e   initIO
00008b42   initLCD
00008dc6   initTimers
00008578   main
00008d00   memccpy
00008e38   memcpy
00008dda   memset
ffffffff   pinit
00008e8c   spi_exchange
00008d28   spi_init
00008edc   spi_transmit
00008c02   sprintf
00008e4a   strlen
00000200   text


GLOBAL SYMBOLS: SORTED BY Symbol Address 

address    name
--------   ----
00000000   IE1
00000001   IE2
00000001   __TI_args_main
00000001   __TI_auto_init
00000001   __TI_exit
00000002   IFG1
00000003   IFG2
00000010   P3REN
00000011   P4REN
00000018   P3IN
00000019   P3OUT
0000001a   P3DIR
0000001b   P3SEL
0000001c   P4IN
0000001d   P4OUT
0000001e   P4DIR
0000001f   P4SEL
00000020   P1IN
00000021   P1OUT
00000022   P1DIR
00000023   P1IFG
00000024   P1IES
00000025   P1IE
00000026   P1SEL
00000027   P1REN
00000028   P2IN
00000029   P2OUT
0000002a   P2DIR
0000002b   P2IFG
0000002c   P2IES
0000002d   P2IE
0000002e   P2SEL
0000002f   P2REN
00000048   ADC10DTC0
00000049   ADC10DTC1
0000004a   ADC10AE0
0000004b   ADC10AE1
00000050   __STACK_SIZE
00000053   BCSCTL3
00000056   DCOCTL
00000057   BCSCTL1
00000058   BCSCTL2
0000005d   UCA0ABCTL
0000005e   UCA0IRTCTL
0000005f   UCA0IRRCTL
00000060   UCA0CTL0
00000061   UCA0CTL1
00000062   UCA0BR0
00000063   UCA0BR1
00000064   UCA0MCTL
00000065   UCA0STAT
00000066   UCA0RXBUF
00000067   UCA0TXBUF
00000068   UCB0CTL0
00000069   UCB0CTL1
0000006a   UCB0BR0
0000006b   UCB0BR1
0000006c   UCB0I2CIE
0000006d   UCB0STAT
0000006e   UCB0RXBUF
0000006f   UCB0TXBUF
00000118   UCB0I2COA
0000011a   UCB0I2CSA
0000011e   TBIV
00000120   WDTCTL
00000128   FCTL1
0000012a   FCTL2
0000012c   FCTL3
0000012e   TAIV
00000160   TACTL
00000162   TACCTL0
00000164   TACCTL1
00000166   TACCTL2
00000170   TAR
00000172   TACCR0
00000174   TACCR1
00000176   TACCR2
00000180   TBCTL
00000182   TBCCTL0
00000184   TBCCTL1
00000186   TBCCTL2
00000190   TBR
00000192   TBCCR0
00000194   TBCCR1
00000196   TBCCR2
000001b0   ADC10CTL0
000001b2   ADC10CTL1
000001b4   ADC10MEM
000001bc   ADC10SA
00000200   .bss
00000200   __bss__
00000200   text
00000216   CAN_error
00000218   actual_velocity
0000021c   CAN_Activity
0000021e   can
0000022a   buffer
0000023a   _lock
0000023c   _unlock
0000023e   _cleanup_ptr
00000240   _dtors_ptr
00000242   TimerA0_Flag
00000243   __end__
00000243   end
000005b0   _stack
00000600   __STACK_END
000010f8   CALDCO_16MHZ
000010f9   CALBC1_16MHZ
000010fa   CALDCO_12MHZ
000010fb   CALBC1_12MHZ
000010fc   CALDCO_8MHZ
000010fd   CALBC1_8MHZ
000010fe   CALDCO_1MHZ
000010ff   CALBC1_1MHZ
00008000   .text
00008000   __text__
00008000   can_receive
000082a4   LCD_RunCommand
000083aa   can_init
000084ae   _printfi_minimal
00008578   main
0000862a   LCD_LoadChar
000086c8   LCD_FunctionSetInit
0000874c   LCD_Cmd_WriteLine
000087ca   LCD_ReadChar
0000883c   LCD_Cmd_WaitTillReady
00008910   L_LSR_15
00008916   L_LSR_14
0000891c   L_LSR_13
00008922   L_LSR_12
00008928   L_LSR_11
0000892e   L_LSR_10
00008934   L_LSR_9
0000893a   L_LSR_8
00008940   L_LSR_7
00008946   L_LSR_6
0000894c   L_LSR_5
00008952   L_LSR_4
00008958   L_LSR_3
0000895e   L_LSR_2
00008964   L_LSR_1
000089c4   __divul
000089c4   __remul
00008a1c   can_interrupt
00008a72   _auto_init
00008b42   initLCD
00008b86   can_write
00008bc6   can_read
00008c02   sprintf
00008c6e   initIO
00008ca2   can_mod
00008cd4   I_ASR
00008ce0   I_ASR_15
00008ce2   I_ASR_14
00008ce4   I_ASR_13
00008ce6   I_ASR_12
00008ce8   I_ASR_11
00008cea   I_ASR_10
00008cec   I_ASR_9
00008cee   I_ASR_8
00008cf0   I_ASR_7
00008cf2   I_ASR_6
00008cf4   I_ASR_5
00008cf6   I_ASR_4
00008cf8   I_ASR_3
00008cfa   I_ASR_2
00008cfc   I_ASR_1
00008d00   memccpy
00008d28   spi_init
00008d50   _c_int00
00008d50   _c_int00_noexit
00008d76   LCD_Wait6us
00008db0   __divu
00008db0   __remu
00008dc6   initTimers
00008dda   memset
00008dee   __mpyi
00008e14   can_reset
00008e26   initClocks
00008e38   memcpy
00008e4a   strlen
00008e5c   LCD_Cmd_FunctionSet
00008e6c   LCD_Cmd_SetDdramAddr
00008e7c   func_epilog_7
00008e7e   func_epilog_6
00008e80   func_epilog_5
00008e82   func_epilog_4
00008e84   func_epilog_3
00008e86   func_epilog_2
00008e88   func_epilog_1
00008e8c   spi_exchange
00008e9c   LCD_Cmd_ConfigEntryMode
00008eaa   LCD_Cmd_DisplayConfig
00008eb8   LCD_Cmd_ClearAndHome
00008ec4   LCD_Cmd_Home
00008ed0   LCD_Cmd_WriteData
00008edc   spi_transmit
00008ee8   TimerA0_ISR
00008eee   _system_pre_init
00008ef2   C$$EXIT
00008ef2   abort
00008ef6   _nop
00008ef8   __etext__
00008ef8   etext
00008f3a   __cinit__
00008f3a   cinit
0000fffe   _reset_vector
ffffffff   __binit__
ffffffff   __c_args__
ffffffff   __pinit__
ffffffff   binit
ffffffff   pinit

[212 symbols]
